// Jest Snapshot v1, https://goo.gl/fbAQLP

exports[`Table renders correctly 1`] = `
<DocumentFragment>
  <div
    class="w-full overflow-hidden rounded-lg shadow-xs"
  >
    <div
      class="w-full overflow-x-auto"
      data-testid="Retail-UI/Table"
    >
      <table
        class="w-full whitespace-no-wrap"
      >
        <thead>
          <tr
            class="text-xs font-semibold tracking-wide text-left text-gray-500 uppercase border-b dark:border-gray-700 bg-gray-50 dark:text-gray-400 dark:bg-gray-800"
          >
            <th
              class="px-4 py-3"
            >
              Client
            </th>
            <th
              class="px-4 py-3"
            >
              Amount
            </th>
            <th
              class="px-4 py-3"
            >
              Status
            </th>
            <th
              class="px-4 py-3"
            >
              Date
            </th>
          </tr>
        </thead>
        <tbody
          class="bg-white divide-y dark:divide-gray-700 dark:bg-gray-800"
        >
          <tr
            class="text-gray-700 dark:text-gray-400"
          >
            <td
              class="px-4 py-3 text-sm"
            >
              <div
                class="flex items-center text-sm"
              >
                <div
                  class="relative hidden w-8 h-8 mr-3 rounded-full md:block"
                >
                  <img
                    alt=""
                    class="object-cover w-full h-full rounded-full"
                    loading="lazy"
                    src="https://images.unsplash.com/flagged/photo-1570612861542-284f4c12e75f?ixlib=rb-1.2.1&q=80&fm=jpg&crop=entropy&cs=tinysrgb&w=200&fit=max&ixid=eyJhcHBfaWQiOjE3Nzg0fQ"
                  />
                  <div
                    aria-hidden="true"
                    class="absolute inset-0 rounded-full shadow-inner"
                  />
                </div>
                <div>
                  <p
                    class="font-semibold"
                  >
                    Hans Burger
                  </p>
                  <p
                    class="text-xs text-gray-600 dark:text-gray-400"
                  >
                    10x Developer
                  </p>
                </div>
              </div>
            </td>
            <td
              class="px-4 py-3 text-sm"
            >
              $ 863.45
            </td>
            <td
              class="px-4 py-3 text-sm"
            >
              <span
                class="px-2 py-1 text-xs font-semibold leading-tight text-green-700 bg-green-100 rounded-full dark:bg-green-700 dark:text-green-100"
              >
                Approved
              </span>
            </td>
            <td
              class="px-4 py-3 text-sm"
            >
              6/10/2020
            </td>
          </tr>
        </tbody>
      </table>
    </div>
    <div
      class="grid px-4 py-3 text-xs font-semibold tracking-wide text-gray-500 uppercase border-t dark:border-gray-700 bg-gray-50 sm:grid-cols-9 dark:text-gray-400 dark:bg-gray-800"
    >
      <span
        class="flex items-center col-span-3"
      />
      <span
        class="col-span-2"
      />
      <span
        class="flex col-span-4 mt-2 sm:mt-auto sm:justify-end"
      >
        <nav
          aria-label="navigation"
        >
          <ul
            class="inline-flex items-center"
          >
            <li>
              <button
                aria-label="Previous"
                class="px-3 py-1 rounded-md rounded-l-lg focus:outline-none focus:shadow-outline-purple"
                disabled=""
              >
                <svg
                  aria-hidden="true"
                  fill="currentColor"
                  viewBox="0 0 20 20"
                >
                  <path
                    clip-rule="evenodd"
                    d="M12.707 5.293a1 1 0 010 1.414L9.414 10l3.293 3.293a1 1 0 01-1.414 1.414l-4-4a1 1 0 010-1.414l4-4a1 1 0 011.414 0z"
                    fill-rule="evenodd"
                  />
                </svg>
              </button>
            </li>
            <li>
              <button
                class="px-3 py-1 text-white transition-colors duration-150 bg-purple-600 border border-r-0 border-purple-600 rounded-md focus:outline-none focus:shadow-outline-purple"
              >
                1
              </button>
            </li>
            <li>
              <button
                aria-label="Next"
                class="px-3 py-1 rounded-md rounded-l-lg focus:outline-none focus:shadow-outline-purple"
                disabled=""
              >
                <svg
                  aria-hidden="true"
                  fill="currentColor"
                  viewBox="0 0 20 20"
                >
                  <path
                    clip-rule="evenodd"
                    d="M12.707 5.293a1 1 0 010 1.414L9.414 10l3.293 3.293a1 1 0 01-1.414 1.414l-4-4a1 1 0 010-1.414l4-4a1 1 0 011.414 0z"
                    fill-rule="evenodd"
                  />
                </svg>
              </button>
            </li>
          </ul>
        </nav>
      </span>
    </div>
  </div>
</DocumentFragment>
`;
