// Jest Snapshot v1, https://goo.gl/fbAQLP

exports[`Status renders correctly 1`] = `
<DocumentFragment>
  <div
    class="relative rounded-full select-none text-center no-underline inline-block"
    data-testid="Retail-UI/Status"
  >
    <span
      class="absolute bottom-0 right-0 w-3 h-3 rounded-full bg-red-500"
    />
  </div>
</DocumentFragment>
`;
