// Jest Snapshot v1, https://goo.gl/fbAQLP

exports[`Avatar renders correctly 1`] = `
<DocumentFragment>
  <div
    class="relative rounded-full select-none text-center no-underline h-10 w-10 "
  >
    <span
      class="absolute rounded-full inset-0 font-bold uppercase flex items-center justify-center h-full w-full bg-purple-300 text-purple-600 no-underline text-base"
    />
    <div
      aria-hidden="true"
      class="absolute inset-0 rounded-full shadow-inner"
    />
  </div>
</DocumentFragment>
`;
