// Jest Snapshot v1, https://goo.gl/fbAQLP

exports[`Collapse renders correctly 1`] = `
<DocumentFragment>
  <div
    class="divide-y divide-gray-200"
  >
    <div
      class="px-2 pb-3"
    >
      <button
        class="inline-flex items-center justify-center leading-5 align-bottom transition-colors duration-150 ease-in transform scale-100 border cursor-pointer focus:outline-none dark:focus:shadow-outline-gray active:scale-95 overflow-hidden no-underline select-none text-white bg-purple-600 border-transparent active:shadow-outline-purple focus:bg-purple-700 hover:bg-purple-700 py-2 px-4 text-base font-medium rounded-lg"
      >
        <span
          class="opacity-100"
        >
          Close collapse
        </span>
      </button>
    </div>
    <div
      class="px-2 pb-3"
    >
      <div
        aria-controls="CollapsePanel"
        aria-expanded="false"
        class="flex items-center justify-between p-3"
        role="button"
        tabindex="0"
      >
        Open Collapse
        <svg
          aria-hidden="true"
          class="w-7 h-7 text-current stroke-current transition ease-out duration-200 transform !h-5 !w-5 flex-none"
          fill="none"
          viewBox="0 0 24 24"
        >
          <path
            d="M19 9l-7 7-7-7"
            stroke-linecap="round"
            stroke-linejoin="round"
            stroke-width="2"
          />
        </svg>
      </div>
    </div>
    <div
      class="px-2 pb-3"
    >
      <div
        aria-controls="CollapsePanel"
        aria-expanded="false"
        class="flex items-center justify-between p-3"
        role="button"
        tabindex="0"
      >
        Open Collapse
        <svg
          aria-hidden="true"
          class="w-7 h-7 text-current stroke-current transition ease-out duration-200 transform !h-5 !w-5 flex-none"
          fill="none"
          viewBox="0 0 24 24"
        >
          <path
            d="M19 9l-7 7-7-7"
            stroke-linecap="round"
            stroke-linejoin="round"
            stroke-width="2"
          />
        </svg>
      </div>
    </div>
  </div>
</DocumentFragment>
`;
