// Jest Snapshot v1, https://goo.gl/fbAQLP

exports[`CheckBox renders correctly 1`] = `
<DocumentFragment>
  <input
    checked=""
    class="text-purple-600 transition-colors duration-150 ease-in border-2 border-gray-300 form-checkbox focus:border-purple-400 focus:outline-none focus:shadow-outline-purple hover:border-gray-600 dark:focus:shadow-outline-grayn"
    data-testid="Retail-UI/CheckBox"
    type="checkbox"
  />
</DocumentFragment>
`;
